// Jest Snapshot v1, https://goo.gl/fbAQLP

exports[`should render AddOrderPage correctly 1`] = `
<div>
  <h2>
    Add Order
  </h2>
  <OrderForm
    onSubmit={[Function]}
  />
</div>
`;
